// Jest Snapshot v1, https://goo.gl/fbAQLP

exports[`NotFound рендер NotFound 1`] = `
<h1>
  Page not found
</h1>
`;
