// Jest Snapshot v1, https://goo.gl/fbAQLP

exports[`CategoryList рендер компонента без содержимого 1`] = `
<div
  class="list"
  role="list"
/>
`;

exports[`CategoryList рендер компонента с дочерними элементами 1`] = `
<div
  class="list"
  role="list"
>
  <div
    class="card"
    role="article"
  >
    <div
      class="card-image"
    >
      <img
        alt="sadasdasd"
        src="adasdasd"
      />
    </div>
    <div
      class="card-content"
    >
      <span
        class="card-title"
      >
        sadasdasd
      </span>
      <p>
        asdadsasd
        ...
      </p>
    </div>
    <div
      class="card-action"
    >
      <a
        class="btn"
        href="/category/sadasdasd"
      >
        Watch category
      </a>
    </div>
  </div>
  <div
    class="card"
    role="article"
  >
    <div
      class="card-image"
    >
      <img
        alt="asdasdasd"
        src="asdasda"
      />
    </div>
    <div
      class="card-content"
    >
      <span
        class="card-title"
      >
        asdasdasd
      </span>
      <p>
        asdasdasd
        ...
      </p>
    </div>
    <div
      class="card-action"
    >
      <a
        class="btn"
        href="/category/asdasdasd"
      >
        Watch category
      </a>
    </div>
  </div>
</div>
`;
