// Jest Snapshot v1, https://goo.gl/fbAQLP

exports[`CategoryItem рендер компонента 1`] = `
<div
  class="card"
  role="article"
>
  <div
    class="card-image"
  >
    <img
      alt="Cheese"
      src="123"
    />
  </div>
  <div
    class="card-content"
  >
    <span
      class="card-title"
    >
      Cheese
    </span>
    <p>
      /meal.png
      ...
    </p>
  </div>
  <div
    class="card-action"
  >
    <a
      class="btn"
      href="/category/Cheese"
    >
      Watch category
    </a>
  </div>
</div>
`;
