// Jest Snapshot v1, https://goo.gl/fbAQLP

exports[`MealList рендер компонента 1`] = `
<div
  class="list"
  role="list"
>
  <div
    class="card"
    role="article"
  >
    <div
      class="card-image"
    >
      <img
        alt="Cheese"
        src="/meal.png"
      />
    </div>
    <div
      class="card-content"
    >
      <span
        class="card-title"
      >
        Cheese
      </span>
    </div>
    <div
      class="card-action"
    >
      <a
        class="btn"
        href="/meal/1"
      >
        Watch recipe
      </a>
    </div>
  </div>
  <div
    class="card"
    role="article"
  >
    <div
      class="card-image"
    >
      <img
        alt="meat"
        src="/meal.png"
      />
    </div>
    <div
      class="card-content"
    >
      <span
        class="card-title"
      >
        meat
      </span>
    </div>
    <div
      class="card-action"
    >
      <a
        class="btn"
        href="/meal/2"
      >
        Watch recipe
      </a>
    </div>
  </div>
</div>
`;
